apiVersion: jenkins.io/v1
kind: BuildPack
metadata:
  name: "kubernetes-workloads"
spec:
  label: "Kubernetes Workloads: Automated CI+CD with GitOps Promotion"
  gitUrl: "https://github.com/jenkins-x-buildpacks/jenkins-x-kubernetes.git"
  gitRef: "master"
