apiVersion: jenkins.io/v1
kind: Environment
metadata:
  labels:
    env: "dev"
    team: jx
  name: "dev"
spec:
  kind: Development
  label: Development
  namespace: jx
  promotionStrategy: Never
  webHookEngine: "lighthouse"
  teamSettings:
    appsRepository: http://chartmuseum.jenkins-x.io
    defaultScheduler:
      apiVersion: jenkins.io/v1
      kind: Scheduler
      name: default
    dockerRegistryOrg: myproject
    envOrganisation: myorg
    gitServer: https://github.com
    gitPublic: true
    helmTemplate: true
    kubeProvider: "gke"
    pipelineUsername: "myuser"
    pipelineUserEmail: "myuser@bar.com"
    prowConfig: Scheduler
    importMode: YAML
    promotionEngine: Prow
    prowEngine: Tekton
    versionStreamUrl: "https://github.com/jenkins-x/jenkins-x-versions.git"
    versionStreamRef: "master"
    useGitOps: true
