apiVersion: v1
kind: ConfigMap
metadata:
  name: "jenkins-x-pod-template-machine-learning"
  labels:
    jenkins.io/kind: podTemplate
data:
  pod: |-
    apiVersion: v1
    kind: Pod
    metadata:
      name: jenkins-machine-learning
      labels:
        jenkins.io/kind: build-pod
      annotations:
        jenkins-x.io/devpodPorts: 3000, 8000
    spec:
      serviceAccount: jenkins
      nodeSelector:
      volumes:
      - name: workspace-volume
        emptyDir: {}
      - name: volume-0
        secret:
          secretName: 
      containers:
      - name: machine-learning
        image: gcr.io/jenkinsxio/builder-machine-learning:0.1.837
        args:
        - cat
        command:
        - /bin/sh
        - -c
        workingDir: /home/jenkins
        securityContext:
          privileged: true
        tty: true
        env:
        - name: DOCKER_REGISTRY
          valueFrom:
            configMapKeyRef:
              name: jenkins-x-docker-registry
              key: docker.registry
        - name: DOCKER_CONFIG
          value: /home/jenkins/.docker/
        - name: GIT_AUTHOR_EMAIL
          value: jenkins-x@googlegroups.com
        - name: GIT_AUTHOR_NAME
          value: jenkins-x-bot
        - name: GIT_COMMITTER_EMAIL
          value: jenkins-x@googlegroups.com
        - name: GIT_COMMITTER_NAME
          value: jenkins-x-bot
        - name: JENKINS_URL
          value: http://jenkins:8080
        - name: XDG_CONFIG_HOME
          value: /home/jenkins
        resources:
          requests:
            cpu: 2000m
            memory: 4Gi
          limits:
        volumeMounts:
          - mountPath: /home/jenkins
            name: workspace-volume
          - name: volume-0
            mountPath: /home/jenkins/.docker
