# Source: jxboot-helmfile-resources/templates/700-chartmuseum-vs.yaml
apiVersion: networking.istio.io/v1beta1
kind: VirtualService
metadata:
  name: chartmuseum
spec:
  gateways:
  - chartmuseum
  hosts:
    - chartmuseum-jx.mydomain.com
  http:
  - route:
    - destination:
        host: chartmuseum
      weight: 100
