# Source: jxboot-helmfile-resources/templates/700-nexus-vs.yaml
apiVersion: networking.istio.io/v1beta1
kind: VirtualService
metadata:
  name: nexus
spec:
  gateways:
  - nexus
  hosts:
    - nexus-jx.mydomain.com
  http:
  - route:
    - destination:
        host: nexus
      weight: 100
