apiVersion: v1
kind: ConfigMap
metadata:
  name: "jenkins-x-pod-template-php5x"
  labels:
    jenkins.io/kind: podTemplate
data:
  pod: |-
    apiVersion: v1
    kind: Pod
    metadata:
      name: jenkins-php5x
      labels:
        jenkins.io/kind: build-pod
      annotations:
        jenkins-x.io/devpodPorts: 9229, 3000, 8080
    spec:
      serviceAccount: jenkins
      nodeSelector:
      volumes:
      - name: workspace-volume
        emptyDir: {}
      - name: volume-0
        secret:
          secretName: jenkins-docker-cfg
      containers:
      - name: nodejs
        image: gcr.io/jenkinsxio/builder-php5x:2.0.1171-507
        args:
        - cat
        command:
        - /bin/sh
        - -c
        workingDir: /home/jenkins
        securityContext:
          privileged: true
        tty: true
        env:
        - name: DOCKER_REGISTRY
          valueFrom:
            configMapKeyRef:
              name: jenkins-x-docker-registry
              key: docker.registry
        - name: DOCKER_CONFIG
          value: /home/jenkins/.docker/
        - name: GIT_AUTHOR_EMAIL
          value: jenkins-x@googlegroups.com
        - name: GIT_AUTHOR_NAME
          value: jenkins-x-bot
        - name: GIT_COMMITTER_EMAIL
          value: jenkins-x@googlegroups.com
        - name: GIT_COMMITTER_NAME
          value: jenkins-x-bot
        - name: JENKINS_URL
          value: http://jenkins:8080
        - name: XDG_CONFIG_HOME
          value: /home/jenkins
        resources:
          requests:
            cpu: 400m
            memory: 512Mi
          limits:
        volumeMounts:
          - mountPath: /home/jenkins
            name: workspace-volume
          - name: volume-0
            mountPath: /home/jenkins/.docker
