# Source: jxboot-helmfile-resources/templates/ingress-config-configmap.yaml
apiVersion: v1
data:
  domain: "1.2.3.4:30123"
  email: ""
  exposer: "Ingress"
  issuer: ""
  tls: "false"
kind: ConfigMap
metadata:
  name: ingress-config
